
   PASS  Tests\Unit\ExampleTest
  Ô£ô that true is true                                                                                            0.37s  

   FAIL  Tests\Unit\Properties\ListingSnapshotTest
  Ô¿» action accumulates price history in json                                                                     7.78s  

   PASS  Tests\Feature\ACL\ACLTest
  Ô£ô a user can be assigned a role                                                                                0.37s  
  Ô£ô a user can have permissions through roles                                                                    0.19s  
  Ô£ô a user can have direct permissions without roles                                                             0.14s  
  Ô£ô superadmin bypasses all permission checks                                                                    0.14s  
  Ô£ô multiple roles can be checked at once                                                                        0.21s  

   PASS  Tests\Feature\Admin\SuperAdminStatsTest
  Ô£ô it can retrieve global stats for super admin                                                                 0.49s  

   PASS  Tests\Feature\Analytics\CompanyMetricsTest
  Ô£ô it can retrieve company insights                                                                             0.16s  

   PASS  Tests\Feature\Analytics\DashboardConsistencyTest
  Ô£ô dashboard stats match property listing stats for agent                                                       2.82s  

   PASS  Tests\Feature\Analytics\DashboardRestrictionTest
  Ô£ô agent only sees their own stats on the dashboard                                                             0.54s  
  Ô£ô company admins are not redirected and see all company data                                                   0.26s  
  Ô£ô platform super admin is redirected to admin dashboard                                                        0.21s  

   PASS  Tests\Feature\ArchitectureTest
  Ô£ô globals                                                                                                      8.41s  
  Ô£ô models                                                                                                       1.64s  
  Ô£ô controllers                                                                                                  0.84s  
  Ô£ô uuids                                                                                                        1.40s  

   PASS  Tests\Feature\Auth\RegistrationTest
  Ô£ô it can register a new user linked to a company                                                               0.65s  

   PASS  Tests\Feature\Auth\ResetPasswordTest
  Ô£ô reset password page is accessible with valid token                                                           0.29s  
  Ô£ô forgot password page is accessible to guests                                                                 0.19s  

   PASS  Tests\Feature\Auth\TwoFactorAuthTest
  Ô£ô authenticated user can enable two factor authentication                                                      0.47s  
  Ô£ô authenticated user can disable two factor authentication                                                     0.27s  
  Ô£ô two factor challenge page renders on Inertia                                                                 0.17s  

   PASS  Tests\Feature\Billing\CreditSystemTest
  Ô£ô it can buy and consume credits                                                                               0.22s  
  Ô£ô it throws exception on insufficient balance                                                                  0.21s  

   PASS  Tests\Feature\Billing\SubscriptionTest
  Ô£ô it can subscribe a company to a plan                                                                         0.19s  
  Ô£ô it cancels previous subscriptions when subscribing to new plan                                               0.19s  

   PASS  Tests\Feature\CRM\AIScoringTest
  Ô£ô it can score a lead using AI service                                                                         0.32s  

   PASS  Tests\Feature\CRM\PipelineTest
  Ô£ô it can advance a lead through the pipeline                                                                   0.19s  
  Ô£ô it prevents advancing to a stage of another company                                                          0.19s  

   PASS  Tests\Feature\Categories\CategoryManagementTest
  Ô£ô it can list categories filtered by type property                                                             0.27s  
  Ô£ô it can list categories filtered by type project                                                              0.37s  

   PASS  Tests\Feature\Company\AddMemberTest
  Ô£ô it can add a member to a company                                                                             0.21s  

   PASS  Tests\Feature\Company\CreateCompanyTest
  Ô£ô it can create a company through the action                                                                   0.15s  

   PASS  Tests\Feature\Company\StoreCompanyControllerTest
  Ô£ô it can store a company through the controller                                                                0.28s  

   PASS  Tests\Feature\ExampleTest
  Ô£ô the application returns a successful response                                                                0.20s  

   PASS  Tests\Feature\Feature\Properties\PropertyCRUDTest
  Ô£ô example                                                                                                      0.17s  

   PASS  Tests\Feature\Profile\UpdateAvatarTest
  Ô£ô authenticated user can upload an avatar                                                                      0.75s  
  Ô£ô unauthenticated user cannot upload avatar                                                                    0.55s  
  Ô£ô avatar upload rejects non-image files                                                                        0.25s  
  Ô£ô uploading new avatar deletes the old one                                                                     0.32s  

   PASS  Tests\Feature\Profile\UpdateProfileTest
  Ô£ô authenticated user can view their profile                                                                    0.35s  
  Ô£ô authenticated user can update their profile information                                                      0.20s  
  Ô£ô profile update rejects duplicate email from another user                                                     0.17s  
  Ô£ô profile update accepts same email for the same user                                                          0.19s  
  Ô£ô unauthenticated user cannot update profile                                                                   0.13s  
  Ô£ô profile response does not expose sensitive data                                                              0.38s  

   PASS  Tests\Feature\Projects\ProjectCreationTest
  Ô£ô it can create a real estate project                                                                          0.37s  

   PASS  Tests\Feature\Projects\UnitInventoryTest
  Ô£ô it can manage unit state transitions                                                                         0.32s  

   PASS  Tests\Feature\Properties\CreatePropertyTest
  Ô£ô can create a property with initial listing and address                                                       0.66s  
  Ô£ô guest cannot create property                                                                                 0.26s  

   PASS  Tests\Feature\Properties\GeocodingIntegrationTest
  Ô£ô it uses geocoding service when coordinates are missing                                                       0.37s  

   PASS  Tests\Feature\Properties\PropertyCRUDTest
  Ô£ô authenticated user can list their company properties                                                         0.68s  
  Ô£ô user cannot see properties from another company                                                              0.40s  
  Ô£ô user can create a property                                                                                   0.50s  
  Ô£ô user can update their property                                                                               0.47s  
  Ô£ô user can delete their property                                                                               0.55s  

   PASS  Tests\Feature\Properties\PropertyOwnershipTest
  Ô£ô agent can only see their own properties in the listing                                                       0.71s  
  Ô£ô agent cannot update someone else property                                                                    0.29s  
  Ô£ô agent cannot delete someone else property                                                                    0.26s  
  Ô£ô admin can see and manage all properties of the company                                                       0.56s  

   PASS  Tests\Feature\Properties\PropertyTenancyTest
  Ô£ô user cannot see properties from other company                                                                0.35s  
  Ô£ô property is automatically assigned to user company                                                           0.26s  

   PASS  Tests\Feature\Properties\PublishPropertyTest
  Ô£ô it can publish a property with amenities                                                                     0.25s  

   PASS  Tests\Feature\Properties\UpdatePropertyTest
  Ô£ô updating price creates a new listing snapshot                                                                0.35s  
  Ô£ô updating non-critical fields does not create new listing                                                     0.27s  

   PASS  Tests\Feature\Public\PublicPropertyDetailTest
  Ô£ô any user can view a published property detail                                                                0.47s  
  Ô£ô users cannot view draft properties publicly                                                                  0.28s  

   PASS  Tests\Feature\WelcomeTest
  Ô£ô welcome page is rendered                                                                                     0.25s  
  ÔöÇÔöÇÔöÇÔöÇÔöÇÔöÇÔöÇÔöÇÔöÇÔöÇÔöÇÔöÇÔöÇÔöÇÔöÇÔöÇÔöÇÔöÇÔöÇÔöÇÔöÇÔöÇÔöÇÔöÇÔöÇÔöÇÔöÇÔöÇÔöÇÔöÇÔöÇÔöÇÔöÇÔöÇÔöÇÔöÇÔöÇÔöÇÔöÇÔöÇÔöÇÔöÇÔöÇÔöÇÔöÇÔöÇÔöÇÔöÇÔöÇÔöÇÔöÇÔöÇÔöÇÔöÇÔöÇÔöÇÔöÇÔöÇÔöÇÔöÇÔöÇÔöÇÔöÇÔöÇÔöÇÔöÇÔöÇÔöÇÔöÇÔöÇÔöÇÔöÇÔöÇÔöÇÔöÇÔöÇÔöÇÔöÇÔöÇÔöÇÔöÇÔöÇÔöÇÔöÇÔöÇÔöÇÔöÇÔöÇÔöÇÔöÇÔöÇÔöÇÔöÇÔöÇÔöÇÔöÇÔöÇÔöÇÔöÇÔöÇÔöÇÔöÇÔöÇÔöÇÔöÇÔöÇÔöÇÔöÇÔöÇÔöÇÔöÇÔöÇÔöÇÔöÇÔöÇÔöÇ  
   FAILED  Tests\Unit\Properties\ListingSnapshotTest > action accumulates price history in json        QueryException   
  SQLSTATE[HY000]: General error: 1 table properties has no column named ubigeo_id (Connection: sqlite, Database: :memory:, SQL: insert into "properties" ("user_id", "category_id", "title", "description", "type", "operation", "price", "currency", "area_total", "area_built", "bedrooms", "bathrooms", "parking_spots", "status", "is_featured", "metadata", "company_id", "ubigeo_id", "id", "updated_at", "created_at") values (019d16d4-9b22-7188-a796-597b940afa3a, 019d16d4-9b5a-7384-9ba0-ce59f3359af9, Iure quis incidunt ut., Voluptate eius aliquam ea repudiandae vel architecto. Nulla vitae unde beatae assumenda. Quia magni adipisci asperiores aut et qui., land, sale, 511980.86, USD, 222.1, 212.66, 5, 4, 2, published, 1, [], 019d16d4-9afb-70d4-82e3-86dd2c880eef, 150101, 019d16d4-9c2d-7105-b3a8-daed0d6b0713, 2026-03-22 18:35:25, 2026-03-22 18:35:25))

  at vendor\laravel\framework\src\Illuminate\Database\Connection.php:578
    574Ôûò             if ($this->pretending()) {
    575Ôûò                 return true;
    576Ôûò             }
    577Ôûò 
  Ô×£ 578Ôûò             $statement = $this->getPdo()->prepare($query);
    579Ôûò 
    580Ôûò             $this->bindValues($statement, $this->prepareBindings($bindings));
    581Ôûò 
    582Ôûò             $this->recordsHaveBeenModified();

  1   vendor\laravel\framework\src\Illuminate\Database\Connection.php:578
  2   vendor\laravel\framework\src\Illuminate\Database\Connection.php:827


  Tests:    1 failed, 68 passed (267 assertions)
  Duration: 56.08s

